creating quadratic features for pairs: Tf ff 
final_regressor = models/0002a.model
Num weight bits = 18
learning rate = 10
initial_t = 1
power_t = 0.5
using no cache
Reading datafile = train-sets/0002.dat
num sources = 1
average  since         example        example  current  current  current
loss     last          counter         weight    label  predict features
0.271591 0.271591            1            1.0   0.5211   0.0000      197
0.158403 0.045214            2            2.0   0.5353   0.3226      197
0.129123 0.099844            4            4.0   0.5854   0.8820      197
0.073886 0.018648            8            8.0   0.5575   0.5422      197
0.049608 0.025331           16           16.0   0.5878   0.5784      197
0.040011 0.030414           32           32.0   0.6038   0.5690      197
0.028903 0.017794           64           64.0   0.5683   0.4790      197
0.017959 0.007014          128          128.0   0.5351   0.5342      197
0.013025 0.008091          256          256.0   0.5385   0.5708      197
0.008556 0.004087          512          512.0   0.5053   0.5591      197

finished run
number of examples per pass = 1000
passes used = 1
weighted example sum = 1000.000000
weighted label sum = 526.517586
average loss = 0.005209
best constant = 0.526518
total feature number = 196892
